Running testdata/tests/system-test/test.json: .... OK!
1 tests completed successfully
